// Jest Snapshot v1, https://goo.gl/fbAQLP

exports[`Home Button component:  To match snapshot 1`] = `ReactWrapper {}`;
