// Jest Snapshot v1, https://goo.gl/fbAQLP

exports[`Loading components matches snapshot: 1`] = `ReactWrapper {}`;
