// Jest Snapshot v1, https://goo.gl/fbAQLP

exports[`No match component:  To match snapshot 1`] = `ReactWrapper {}`;
