// Jest Snapshot v1, https://goo.gl/fbAQLP

exports[`Read More Button component:  To match snapshot 1`] = `ReactWrapper {}`;
